
> gyotak-purchase-v2@1.0.0 deploy:preprod
> NODE_OPTIONS='--max-old-space-size=8192' npm run preprod -- deploy --initial-owner 20fc1d0d5c405e95c669158a3db32217e2be65247dbea06e243745832af2e1be


> gyotak-purchase-v2@1.0.0 preprod
> PATH=/home/takuya/.local/node22/bin:$PATH NODE_OPTIONS='--max-old-space-size=8192' node --no-warnings --experimental-specifier-resolution=node --loader ts-node/esm src/preprod.ts deploy --initial-owner 20fc1d0d5c405e95c669158a3db32217e2be65247dbea06e243745832af2e1be


[wallet] Restoring saved state from /home/takuya/midnight/gyotak-purchase-v2/midnight-level-db/preprod
  ✓ Building wallet

──────────────────────────────────────────────────────────────
  Wallet Overview                            Network: preprod
──────────────────────────────────────────────────────────────
  Unshielded Address (send tNight here):
  mn_addr_preprod156r935l92s4r6ze2k4nffn0k5en25jqprhg9x3xl3lm0ltkaam8q4py66s
──────────────────────────────────────────────────────────────

[deploy] Starting wallet sync (no spinner wrap)...
2026-09-17 19:47:34        RPC-CORE: subscribeRuntimeVersion(): RuntimeVersion:: disconnected from wss://rpc.preprod.midnight.network/: 1000:: Normal Closure
2026-09-17 19:47:34        RPC-CORE: subscribeRuntimeVersion(): RuntimeVersion:: disconnected from wss://rpc.preprod.midnight.network/: 1000:: Normal Closure
[deploy] Sync complete in 5.1s after 97 emissions
[19:47:37.506] INFO (43436): wallet state persisted
    dir: "/home/takuya/midnight/gyotak-purchase-v2/midnight-level-db/preprod"

──────────────────────────────────────────────────────────────
  Wallet Overview                            Network: preprod
──────────────────────────────────────────────────────────────

  Shielded (ZSwap)
  └─ Address: mn_shield-addr_preprod1c8yf4dmy47pshyznhx4gtp89grzsqkg89etx58pnwftwcms9gapaglvjjvtkcy49sj5kc65qx5vsrmsw7fqd6aealz3gkeg2kzqfqes2xkw2n

  Unshielded
  ├─ Address: mn_addr_preprod156r935l92s4r6ze2k4nffn0k5en25jqprhg9x3xl3lm0ltkaam8q4py66s
  └─ Balance: 1,000,000,000 tNight

  Dust
  └─ Address: mn_dust_preprod1wd6rgfyh77awlww7rs2cufcun5uwpjvfcd2jhs3dqx2k42msxrlhzqa9l3l

──────────────────────────────────────────────────────────────
    DUST present: 5,000,000,000,000,000,000 (1 coins)

  ✓ Dust tokens already available (5,000,000,000,000,000,000 DUST)
  ✓ Configuring providers
[stable-sync] 2026-09-17T10:47:37.544Z initial synced view: isSynced=true dust.progress=1530658/0 dust.syncTime=2026-09-17T10:47:06.000Z dust.coins=1
[stable-sync] waiting 45s before re-checking...
[stable-sync] 2026-09-17T10:48:32.912Z fresh synced emission after 10.4s: isSynced=true dust.progress=1530660/0 dust.syncTime=2026-09-17T10:47:30.000Z dust.coins=1
[deploy] 2026-09-17T10:48:32.914Z starting deploy (proof + DUST spend declaration)
[19:48:32.914] INFO (43436): Deploying gyotak-purchase contract...
    initialOwner: "20fc1d0d5c405e95c669158a3db32217e2be65247dbea06e243745832af2e1be"
  ✓ Deploying contract
[19:48:57.639] INFO (43436): Saved contract address.
    file: "/home/takuya/midnight/gyotak-purchase-v2/.contract-address.preprod"
    address: "fe71367b28596c91a490e7e900e3d521d0597ec5456020b3e8e19cd5e76d7043"
    initialOwner: "20fc1d0d5c405e95c669158a3db32217e2be65247dbea06e243745832af2e1be"
[19:48:59.125] INFO (43436): wallet state persisted
    dir: "/home/takuya/midnight/gyotak-purchase-v2/midnight-level-db/preprod"
[19:48:59.139] INFO (43436): Goodbye.
